// Jest Snapshot v1, https://goo.gl/fbAQLP

exports[`App renders correctly 1`] = `
<RCTSafeAreaView
  emulateUnlessSupported={true}
>
  <View
    style={
      Object {
        "borderBottomWidth": 1,
        "borderColor": "#ccc",
        "flexDirection": "row",
        "paddingHorizontal": 5,
      }
    }
  >
    <TextInput
      allowFontScaling={true}
      clearButtonMode="while-editing"
      onChangeText={[Function]}
      placeholder="Search character by name"
      rejectResponderTermination={true}
      returnKeyType="search"
      style={
        Object {
          "flex": 1,
          "height": 40,
        }
      }
      underlineColorAndroid="transparent"
      value=""
    />
  </View>
  <RCTScrollView
    data={Array []}
    disableVirtualization={false}
    getItem={[Function]}
    getItemCount={[Function]}
    horizontal={false}
    initialNumToRender={10}
    keyExtractor={[Function]}
    maxToRenderPerBatch={10}
    numColumns={1}
    onContentSizeChange={[Function]}
    onEndReached={[Function]}
    onEndReachedThreshold={2}
    onLayout={[Function]}
    onMomentumScrollEnd={[Function]}
    onScroll={[Function]}
    onScrollBeginDrag={[Function]}
    onScrollEndDrag={[Function]}
    removeClippedSubviews={false}
    renderItem={[Function]}
    scrollEventThrottle={50}
    stickyHeaderIndices={Array []}
    updateCellsBatchingPeriod={50}
    viewabilityConfigCallbackPairs={Array []}
    windowSize={21}
  >
    <View />
  </RCTScrollView>
</RCTSafeAreaView>
`;
